2026-02-26 15:46:52 INFO  com.rev.revpasswordmanagerp2.RevPasswordManagerP2Application - Starting RevPasswordManagerP2Application using Java 17.0.12 with PID 29332 (C:\Users\HP\RevPasswordManagerP2\target\classes started by HP in C:\Users\HP\RevPasswordManagerP2)
2026-02-26 15:46:52 INFO  com.rev.revpasswordmanagerp2.RevPasswordManagerP2Application - The following 1 profile is active: "local"
2026-02-26 15:46:58 INFO  com.rev.revpasswordmanagerp2.RevPasswordManagerP2Application - Started RevPasswordManagerP2Application in 6.103 seconds (process running for 7.223)
2026-02-26 15:47:21 INFO  com.rev.revpasswordmanagerp2.controller.AuthController - Login attempt for: adithya
2026-02-26 15:47:36 INFO  com.rev.revpasswordmanagerp2.RevPasswordManagerP2Application - Starting RevPasswordManagerP2Application using Java 17.0.12 with PID 13592 (C:\Users\HP\RevPasswordManagerP2\target\classes started by HP in C:\Users\HP\RevPasswordManagerP2)
2026-02-26 15:47:36 INFO  com.rev.revpasswordmanagerp2.RevPasswordManagerP2Application - The following 1 profile is active: "local"
2026-02-26 15:47:41 INFO  com.rev.revpasswordmanagerp2.RevPasswordManagerP2Application - Started RevPasswordManagerP2Application in 5.064 seconds (process running for 6.049)
2026-02-26 15:48:28 INFO  com.rev.revpasswordmanagerp2.RevPasswordManagerP2ApplicationTests - Starting RevPasswordManagerP2ApplicationTests using Java 17.0.12 with PID 27352 (started by HP in C:\Users\HP\RevPasswordManagerP2)
2026-02-26 15:48:28 INFO  com.rev.revpasswordmanagerp2.RevPasswordManagerP2ApplicationTests - The following 1 profile is active: "local"
2026-02-26 15:48:36 INFO  com.rev.revpasswordmanagerp2.RevPasswordManagerP2ApplicationTests - Started RevPasswordManagerP2ApplicationTests in 8.184 seconds (process running for 9.926)
2026-02-26 15:48:38 INFO  com.rev.revpasswordmanagerp2.service.AuthServiceImpl - Registration attempt for username: testuser
2026-02-26 15:48:38 INFO  com.rev.revpasswordmanagerp2.service.AuthServiceImpl - User successfully saved with ID: null
2026-02-26 15:48:38 INFO  com.rev.revpasswordmanagerp2.service.AuthServiceImpl - Security questions saved successfully for user: null
2026-02-26 15:48:52 INFO  com.rev.revpasswordmanagerp2.RevPasswordManagerP2Application - Starting RevPasswordManagerP2Application using Java 17.0.12 with PID 2372 (C:\Users\HP\RevPasswordManagerP2\target\classes started by HP in C:\Users\HP\RevPasswordManagerP2)
2026-02-26 15:48:52 INFO  com.rev.revpasswordmanagerp2.RevPasswordManagerP2Application - The following 1 profile is active: "local"
2026-02-26 15:48:59 INFO  com.rev.revpasswordmanagerp2.RevPasswordManagerP2Application - Started RevPasswordManagerP2Application in 7.728 seconds (process running for 8.801)
2026-02-26 15:53:35 INFO  com.rev.revpasswordmanagerp2.controller.AuthController - Login attempt for: adithya
2026-02-26 15:53:35 INFO  com.rev.revpasswordmanagerp2.service.AuthServiceImpl - Login attempt for: adithya
2026-02-26 15:53:36 WARN  com.rev.revpasswordmanagerp2.service.AuthServiceImpl - Login failed - invalid credentials for user: adithya
2026-02-26 15:53:49 INFO  com.rev.revpasswordmanagerp2.controller.AuthController - Login attempt for: adithya
2026-02-26 15:53:49 INFO  com.rev.revpasswordmanagerp2.service.AuthServiceImpl - Login attempt for: adithya
2026-02-26 15:53:50 INFO  com.rev.revpasswordmanagerp2.service.AuthServiceImpl - Login successful for user: adithya
2026-02-26 15:53:50 INFO  com.rev.revpasswordmanagerp2.controller.AuthController - Login successful for: adithya
2026-02-26 16:15:16 INFO  com.rev.revpasswordmanagerp2.controller.AuthController - Login attempt for: adithya
2026-02-26 16:15:16 INFO  com.rev.revpasswordmanagerp2.service.AuthServiceImpl - Login attempt for: adithya
2026-02-26 16:15:16 WARN  com.rev.revpasswordmanagerp2.service.AuthServiceImpl - Login failed - invalid credentials for user: adithya
2026-02-26 16:16:10 INFO  com.rev.revpasswordmanagerp2.controller.AuthController - Login attempt for: adithya
2026-02-26 16:16:10 INFO  com.rev.revpasswordmanagerp2.service.AuthServiceImpl - Login attempt for: adithya
2026-02-26 16:16:10 INFO  com.rev.revpasswordmanagerp2.service.AuthServiceImpl - Login successful for user: adithya
2026-02-26 16:16:10 INFO  com.rev.revpasswordmanagerp2.controller.AuthController - Login successful for: adithya
2026-02-26 17:13:42 INFO  com.rev.revpasswordmanagerp2.controller.AuthController - Login attempt for: adithya
2026-02-26 17:13:42 INFO  com.rev.revpasswordmanagerp2.service.AuthServiceImpl - Login attempt for: adithya
2026-02-26 17:13:43 WARN  com.rev.revpasswordmanagerp2.service.AuthServiceImpl - Login failed - invalid credentials for user: adithya
2026-02-26 17:13:54 INFO  com.rev.revpasswordmanagerp2.controller.AuthController - Login attempt for: adithya
2026-02-26 17:13:54 INFO  com.rev.revpasswordmanagerp2.service.AuthServiceImpl - Login attempt for: adithya
2026-02-26 17:13:54 INFO  com.rev.revpasswordmanagerp2.service.AuthServiceImpl - Login successful for user: adithya
2026-02-26 17:13:54 INFO  com.rev.revpasswordmanagerp2.controller.AuthController - Login successful for: adithya
2026-02-26 17:18:24 INFO  com.rev.revpasswordmanagerp2.RevPasswordManagerP2ApplicationTests - Starting RevPasswordManagerP2ApplicationTests using Java 17.0.12 with PID 9748 (started by HP in C:\Users\HP\RevPasswordManagerP2)
2026-02-26 17:18:24 INFO  com.rev.revpasswordmanagerp2.RevPasswordManagerP2ApplicationTests - The following 1 profile is active: "local"
2026-02-26 17:18:31 INFO  com.rev.revpasswordmanagerp2.RevPasswordManagerP2ApplicationTests - Started RevPasswordManagerP2ApplicationTests in 7.823 seconds (process running for 9.893)
2026-02-26 17:18:33 INFO  com.rev.revpasswordmanagerp2.service.AuthServiceImpl - Registration attempt for username: testuser
2026-02-26 17:18:33 INFO  com.rev.revpasswordmanagerp2.service.AuthServiceImpl - User successfully saved with ID: null
2026-02-26 17:18:33 INFO  com.rev.revpasswordmanagerp2.service.AuthServiceImpl - Security questions saved successfully for user: null
2026-02-26 17:19:05 INFO  com.rev.revpasswordmanagerp2.RevPasswordManagerP2Application - Starting RevPasswordManagerP2Application using Java 17.0.12 with PID 4600 (C:\Users\HP\RevPasswordManagerP2\target\classes started by HP in C:\Users\HP\RevPasswordManagerP2)
2026-02-26 17:19:05 INFO  com.rev.revpasswordmanagerp2.RevPasswordManagerP2Application - The following 1 profile is active: "local"
2026-02-26 17:19:10 INFO  com.rev.revpasswordmanagerp2.RevPasswordManagerP2Application - Started RevPasswordManagerP2Application in 5.908 seconds (process running for 7.251)
2026-02-26 17:20:07 INFO  com.rev.revpasswordmanagerp2.controller.AuthController - Login attempt for: adithya
2026-02-26 17:20:07 INFO  com.rev.revpasswordmanagerp2.service.AuthServiceImpl - Login attempt for: adithya
2026-02-26 17:20:08 WARN  com.rev.revpasswordmanagerp2.service.AuthServiceImpl - Login failed - invalid credentials for user: adithya
2026-02-26 17:20:21 INFO  com.rev.revpasswordmanagerp2.controller.AuthController - Login attempt for: adithya
2026-02-26 17:20:21 INFO  com.rev.revpasswordmanagerp2.service.AuthServiceImpl - Login attempt for: adithya
2026-02-26 17:20:21 INFO  com.rev.revpasswordmanagerp2.service.AuthServiceImpl - Login successful for user: adithya
2026-02-26 17:20:21 INFO  com.rev.revpasswordmanagerp2.controller.AuthController - Login successful for: adithya
2026-02-26 17:33:08 INFO  com.rev.revpasswordmanagerp2.RevPasswordManagerP2ApplicationTests - Starting RevPasswordManagerP2ApplicationTests using Java 17.0.12 with PID 31320 (started by HP in C:\Users\HP\RevPasswordManagerP2)
2026-02-26 17:33:08 INFO  com.rev.revpasswordmanagerp2.RevPasswordManagerP2ApplicationTests - The following 1 profile is active: "local"
2026-02-26 17:33:15 INFO  com.rev.revpasswordmanagerp2.RevPasswordManagerP2ApplicationTests - Started RevPasswordManagerP2ApplicationTests in 7.639 seconds (process running for 9.471)
2026-02-26 17:33:17 INFO  com.rev.revpasswordmanagerp2.service.AuthServiceImpl - Registration attempt for username: testuser
2026-02-26 17:33:17 INFO  com.rev.revpasswordmanagerp2.service.AuthServiceImpl - User successfully saved with ID: null
2026-02-26 17:33:17 INFO  com.rev.revpasswordmanagerp2.service.AuthServiceImpl - Security questions saved successfully for user: null
2026-02-26 17:33:37 INFO  com.rev.revpasswordmanagerp2.RevPasswordManagerP2Application - Starting RevPasswordManagerP2Application using Java 17.0.12 with PID 28204 (C:\Users\HP\RevPasswordManagerP2\target\classes started by HP in C:\Users\HP\RevPasswordManagerP2)
2026-02-26 17:33:37 INFO  com.rev.revpasswordmanagerp2.RevPasswordManagerP2Application - The following 1 profile is active: "local"
2026-02-26 17:33:41 INFO  com.rev.revpasswordmanagerp2.RevPasswordManagerP2Application - Started RevPasswordManagerP2Application in 4.752 seconds (process running for 5.773)
2026-02-26 17:34:48 INFO  com.rev.revpasswordmanagerp2.controller.AuthController - Login attempt for: adithya
2026-02-26 17:34:48 INFO  com.rev.revpasswordmanagerp2.service.AuthServiceImpl - Login attempt for: adithya
2026-02-26 17:34:49 INFO  com.rev.revpasswordmanagerp2.service.AuthServiceImpl - Login successful for user: adithya
2026-02-26 17:34:49 INFO  com.rev.revpasswordmanagerp2.controller.AuthController - Login successful for: adithya
2026-02-26 17:44:44 INFO  com.rev.revpasswordmanagerp2.controller.AuthController - Login attempt for: adithya
2026-02-26 17:44:44 INFO  com.rev.revpasswordmanagerp2.service.AuthServiceImpl - Login attempt for: adithya
2026-02-26 17:44:45 INFO  com.rev.revpasswordmanagerp2.service.AuthServiceImpl - Login successful for user: adithya
2026-02-26 17:44:45 INFO  com.rev.revpasswordmanagerp2.controller.AuthController - Login successful for: adithya
2026-02-26 18:14:36 INFO  com.rev.revpasswordmanagerp2.RevPasswordManagerP2Application - Starting RevPasswordManagerP2Application using Java 17.0.12 with PID 28004 (C:\Users\HP\RevPasswordManagerP2\target\classes started by HP in C:\Users\HP\RevPasswordManagerP2)
2026-02-26 18:14:36 INFO  com.rev.revpasswordmanagerp2.RevPasswordManagerP2Application - The following 1 profile is active: "local"
2026-02-26 18:14:41 INFO  com.rev.revpasswordmanagerp2.RevPasswordManagerP2Application - Started RevPasswordManagerP2Application in 5.165 seconds (process running for 6.134)
2026-02-26 18:24:09 INFO  com.rev.revpasswordmanagerp2.RevPasswordManagerP2Application - Starting RevPasswordManagerP2Application using Java 17.0.12 with PID 23684 (C:\Users\HP\RevPasswordManagerP2\target\classes started by HP in C:\Users\HP\RevPasswordManagerP2)
2026-02-26 18:24:09 INFO  com.rev.revpasswordmanagerp2.RevPasswordManagerP2Application - The following 1 profile is active: "local"
2026-02-26 18:24:17 INFO  com.rev.revpasswordmanagerp2.RevPasswordManagerP2Application - Started RevPasswordManagerP2Application in 10.554 seconds (process running for 13.012)
2026-02-26 18:46:11 INFO  com.rev.revpasswordmanagerp2.RevPasswordManagerP2Application - Starting RevPasswordManagerP2Application using Java 17.0.12 with PID 12588 (C:\Users\HP\RevPasswordManagerP2\target\classes started by HP in C:\Users\HP\RevPasswordManagerP2)
2026-02-26 18:46:11 INFO  com.rev.revpasswordmanagerp2.RevPasswordManagerP2Application - The following 1 profile is active: "local"
2026-02-26 18:46:16 INFO  com.rev.revpasswordmanagerp2.RevPasswordManagerP2Application - Started RevPasswordManagerP2Application in 5.683 seconds (process running for 6.758)
2026-02-26 20:17:22 INFO  com.rev.revpasswordmanagerp2.RevPasswordManagerP2ApplicationTests - Starting RevPasswordManagerP2ApplicationTests using Java 17.0.12 with PID 22756 (started by HP in C:\Users\HP\RevPasswordManagerP2)
2026-02-26 20:17:22 INFO  com.rev.revpasswordmanagerp2.RevPasswordManagerP2ApplicationTests - The following 1 profile is active: "local"
2026-02-26 20:17:31 INFO  com.rev.revpasswordmanagerp2.RevPasswordManagerP2ApplicationTests - Started RevPasswordManagerP2ApplicationTests in 8.756 seconds (process running for 10.891)
2026-02-26 20:17:32 INFO  com.rev.revpasswordmanagerp2.service.AuthServiceImpl - Registration attempt for username: testuser
2026-02-26 20:17:32 INFO  com.rev.revpasswordmanagerp2.service.AuthServiceImpl - User successfully saved with ID: null
2026-02-26 20:17:32 INFO  com.rev.revpasswordmanagerp2.service.AuthServiceImpl - Security questions saved successfully for user: null
2026-02-26 20:17:49 INFO  com.rev.revpasswordmanagerp2.RevPasswordManagerP2Application - Starting RevPasswordManagerP2Application using Java 17.0.12 with PID 29888 (C:\Users\HP\RevPasswordManagerP2\target\classes started by HP in C:\Users\HP\RevPasswordManagerP2)
2026-02-26 20:17:49 INFO  com.rev.revpasswordmanagerp2.RevPasswordManagerP2Application - The following 1 profile is active: "local"
2026-02-26 20:17:54 INFO  com.rev.revpasswordmanagerp2.RevPasswordManagerP2Application - Started RevPasswordManagerP2Application in 5.058 seconds (process running for 6.027)
2026-02-26 21:00:08 INFO  com.rev.revpasswordmanagerp2.RevPasswordManagerP2Application - Starting RevPasswordManagerP2Application using Java 17.0.12 with PID 12252 (C:\Users\HP\RevPasswordManagerP2\target\classes started by HP in C:\Users\HP\RevPasswordManagerP2)
2026-02-26 21:00:08 INFO  com.rev.revpasswordmanagerp2.RevPasswordManagerP2Application - The following 1 profile is active: "local"
2026-02-26 21:00:22 INFO  com.rev.revpasswordmanagerp2.RevPasswordManagerP2Application - Started RevPasswordManagerP2Application in 14.681 seconds (process running for 16.894)
2026-02-26 22:39:46 INFO  com.rev.revpasswordmanagerp2.RevPasswordManagerP2ApplicationTests - Starting RevPasswordManagerP2ApplicationTests using Java 17.0.12 with PID 10600 (started by HP in C:\Users\HP\RevPasswordManagerP2)
2026-02-26 22:39:46 INFO  com.rev.revpasswordmanagerp2.RevPasswordManagerP2ApplicationTests - The following 1 profile is active: "local"
2026-02-26 22:39:55 INFO  com.rev.revpasswordmanagerp2.RevPasswordManagerP2ApplicationTests - Started RevPasswordManagerP2ApplicationTests in 9.743 seconds (process running for 11.649)
2026-02-26 22:39:57 INFO  com.rev.revpasswordmanagerp2.service.AuthServiceImpl - Registration attempt for username: testuser
2026-02-26 22:39:57 INFO  com.rev.revpasswordmanagerp2.service.AuthServiceImpl - User successfully saved with ID: null
2026-02-26 22:39:57 INFO  com.rev.revpasswordmanagerp2.service.AuthServiceImpl - Security questions saved successfully for user: null
2026-02-26 22:54:23 INFO  com.rev.revpasswordmanagerp2.controller.AuthController - Register attempt for user: athiya
2026-02-26 22:54:23 INFO  com.rev.revpasswordmanagerp2.service.AuthServiceImpl - Registration attempt for username: athiya
2026-02-26 22:54:24 INFO  com.rev.revpasswordmanagerp2.service.AuthServiceImpl - User successfully saved with ID: 13
2026-02-26 22:54:24 INFO  com.rev.revpasswordmanagerp2.controller.AuthController - Register attempt for user: athiya
2026-02-26 22:54:24 INFO  com.rev.revpasswordmanagerp2.service.AuthServiceImpl - Registration attempt for username: athiya
2026-02-26 22:54:25 INFO  com.rev.revpasswordmanagerp2.service.AuthServiceImpl - Security questions saved successfully for user: athiya
2026-02-26 22:54:25 INFO  com.rev.revpasswordmanagerp2.controller.AuthController - User registered successfully: athiya
2026-02-26 23:33:20 INFO  com.rev.revpasswordmanagerp2.controller.AuthController - Register attempt for user: Lokesh
2026-02-26 23:33:20 INFO  com.rev.revpasswordmanagerp2.service.AuthServiceImpl - Registration attempt for username: Lokesh
2026-02-26 23:33:21 INFO  com.rev.revpasswordmanagerp2.service.AuthServiceImpl - User successfully saved with ID: 15
2026-02-26 23:33:22 INFO  com.rev.revpasswordmanagerp2.service.AuthServiceImpl - Security questions saved successfully for user: Lokesh
2026-02-26 23:33:22 INFO  com.rev.revpasswordmanagerp2.controller.AuthController - User registered successfully: Lokesh
2026-02-27 00:07:27 INFO  com.rev.revpasswordmanagerp2.RevPasswordManagerP2Application - Starting RevPasswordManagerP2Application using Java 17.0.12 with PID 20428 (C:\Users\HP\RevPasswordManagerP2\target\classes started by HP in C:\Users\HP\RevPasswordManagerP2)
2026-02-27 00:07:27 INFO  com.rev.revpasswordmanagerp2.RevPasswordManagerP2Application - The following 1 profile is active: "local"
2026-02-27 00:07:33 INFO  com.rev.revpasswordmanagerp2.RevPasswordManagerP2Application - Started RevPasswordManagerP2Application in 5.972 seconds (process running for 7.273)
2026-02-27 01:45:56 INFO  com.rev.revpasswordmanagerp2.RevPasswordManagerP2Application - Starting RevPasswordManagerP2Application using Java 17.0.12 with PID 12668 (C:\Users\HP\RevPasswordManagerP2\target\classes started by HP in C:\Users\HP\RevPasswordManagerP2)
2026-02-27 01:45:56 INFO  com.rev.revpasswordmanagerp2.RevPasswordManagerP2Application - The following 1 profile is active: "local"
2026-02-27 01:46:02 INFO  com.rev.revpasswordmanagerp2.RevPasswordManagerP2Application - Started RevPasswordManagerP2Application in 7.046 seconds (process running for 8.322)
2026-02-27 04:55:49 INFO  com.rev.revpasswordmanagerp2.RevPasswordManagerP2ApplicationTests - Starting RevPasswordManagerP2ApplicationTests using Java 17.0.12 with PID 20720 (started by HP in C:\Users\HP\RevPasswordManagerP2)
2026-02-27 04:55:49 INFO  com.rev.revpasswordmanagerp2.RevPasswordManagerP2ApplicationTests - The following 1 profile is active: "local"
2026-02-27 04:55:57 INFO  com.rev.revpasswordmanagerp2.RevPasswordManagerP2ApplicationTests - Started RevPasswordManagerP2ApplicationTests in 8.379 seconds (process running for 10.269)
2026-02-27 04:55:59 INFO  com.rev.revpasswordmanagerp2.service.AuthServiceImpl - Registration attempt for username: testuser
2026-02-27 04:55:59 INFO  com.rev.revpasswordmanagerp2.service.AuthServiceImpl - User successfully saved with ID: null
2026-02-27 04:55:59 INFO  com.rev.revpasswordmanagerp2.service.AuthServiceImpl - Security questions saved successfully for user: null
2026-02-27 04:56:23 INFO  com.rev.revpasswordmanagerp2.RevPasswordManagerP2Application - Starting RevPasswordManagerP2Application using Java 17.0.12 with PID 24124 (C:\Users\HP\RevPasswordManagerP2\target\classes started by HP in C:\Users\HP\RevPasswordManagerP2)
2026-02-27 04:56:23 INFO  com.rev.revpasswordmanagerp2.RevPasswordManagerP2Application - The following 1 profile is active: "local"
2026-02-27 04:56:27 INFO  com.rev.revpasswordmanagerp2.RevPasswordManagerP2Application - Started RevPasswordManagerP2Application in 5.364 seconds (process running for 6.688)
2026-02-27 05:15:21 INFO  com.rev.revpasswordmanagerp2.RevPasswordManagerP2Application - Starting RevPasswordManagerP2Application using Java 17.0.12 with PID 21892 (C:\Users\HP\RevPasswordManagerP2\target\classes started by HP in C:\Users\HP\RevPasswordManagerP2)
2026-02-27 05:15:21 INFO  com.rev.revpasswordmanagerp2.RevPasswordManagerP2Application - The following 1 profile is active: "local"
2026-02-27 05:15:33 INFO  com.rev.revpasswordmanagerp2.RevPasswordManagerP2Application - Started RevPasswordManagerP2Application in 12.944 seconds (process running for 14.53)
2026-02-27 06:12:39 INFO  com.rev.revpasswordmanagerp2.RevPasswordManagerP2ApplicationTests - Starting RevPasswordManagerP2ApplicationTests using Java 17.0.12 with PID 7220 (started by HP in C:\Users\HP\RevPasswordManagerP2)
2026-02-27 06:12:39 INFO  com.rev.revpasswordmanagerp2.RevPasswordManagerP2ApplicationTests - The following 1 profile is active: "local"
2026-02-27 06:12:56 INFO  com.rev.revpasswordmanagerp2.RevPasswordManagerP2ApplicationTests - Started RevPasswordManagerP2ApplicationTests in 17.824 seconds (process running for 19.487)
2026-02-27 06:12:58 INFO  com.rev.revpasswordmanagerp2.service.AuthServiceImpl - Registration attempt for username: testuser
2026-02-27 06:12:58 INFO  com.rev.revpasswordmanagerp2.service.AuthServiceImpl - User successfully saved with ID: null
2026-02-27 06:12:58 INFO  com.rev.revpasswordmanagerp2.service.AuthServiceImpl - Security questions saved successfully for user: null
2026-02-27 06:13:21 INFO  com.rev.revpasswordmanagerp2.RevPasswordManagerP2Application - Starting RevPasswordManagerP2Application using Java 17.0.12 with PID 26500 (C:\Users\HP\RevPasswordManagerP2\target\classes started by HP in C:\Users\HP\RevPasswordManagerP2)
2026-02-27 06:13:21 INFO  com.rev.revpasswordmanagerp2.RevPasswordManagerP2Application - The following 1 profile is active: "local"
2026-02-27 06:13:28 INFO  com.rev.revpasswordmanagerp2.RevPasswordManagerP2Application - Started RevPasswordManagerP2Application in 7.035 seconds (process running for 8.14)
2026-02-27 06:16:02 INFO  com.rev.revpasswordmanagerp2.controller.AuthController - Fetching security questions for: adithya
2026-02-27 06:16:04 INFO  com.rev.revpasswordmanagerp2.controller.AuthController - Security questions fetched successfully
2026-02-27 06:16:06 INFO  com.rev.revpasswordmanagerp2.controller.AuthController - Fetching security questions for: adithya
2026-02-27 06:16:06 INFO  com.rev.revpasswordmanagerp2.controller.AuthController - Security questions fetched successfully
2026-02-27 06:16:27 INFO  com.rev.revpasswordmanagerp2.controller.AuthController - Fetching security questions for: adithya
2026-02-27 06:16:27 INFO  com.rev.revpasswordmanagerp2.controller.AuthController - Security questions fetched successfully
2026-02-27 06:16:29 INFO  com.rev.revpasswordmanagerp2.controller.AuthController - Fetching security questions for: adithya
2026-02-27 06:16:29 INFO  com.rev.revpasswordmanagerp2.controller.AuthController - Security questions fetched successfully
2026-02-27 06:35:02 INFO  com.rev.revpasswordmanagerp2.controller.AuthController - Fetching security questions for: adithya
2026-02-27 06:35:02 INFO  com.rev.revpasswordmanagerp2.controller.AuthController - Security questions fetched successfully
2026-02-27 06:35:03 INFO  com.rev.revpasswordmanagerp2.controller.AuthController - Fetching security questions for: adithya
2026-02-27 06:35:03 INFO  com.rev.revpasswordmanagerp2.controller.AuthController - Security questions fetched successfully
2026-02-27 06:35:04 INFO  com.rev.revpasswordmanagerp2.controller.AuthController - Fetching security questions for: adithya
2026-02-27 06:35:04 INFO  com.rev.revpasswordmanagerp2.controller.AuthController - Security questions fetched successfully
2026-02-27 06:38:07 INFO  com.rev.revpasswordmanagerp2.controller.AuthController - Register attempt for user: Prasana
2026-02-27 06:38:07 INFO  com.rev.revpasswordmanagerp2.service.AuthServiceImpl - Registration attempt for username: Prasana
2026-02-27 06:38:08 INFO  com.rev.revpasswordmanagerp2.service.AuthServiceImpl - User successfully saved with ID: 16
2026-02-27 06:38:08 INFO  com.rev.revpasswordmanagerp2.controller.AuthController - Register attempt for user: Prasana
2026-02-27 06:38:08 INFO  com.rev.revpasswordmanagerp2.service.AuthServiceImpl - Registration attempt for username: Prasana
2026-02-27 06:38:09 INFO  com.rev.revpasswordmanagerp2.service.AuthServiceImpl - Security questions saved successfully for user: Prasana
2026-02-27 06:38:09 INFO  com.rev.revpasswordmanagerp2.controller.AuthController - User registered successfully: Prasana
2026-02-27 06:40:12 INFO  com.rev.revpasswordmanagerp2.controller.AuthController - Fetching security questions for: Prasana
2026-02-27 06:40:12 INFO  com.rev.revpasswordmanagerp2.controller.AuthController - Security questions fetched successfully
2026-02-27 06:40:14 INFO  com.rev.revpasswordmanagerp2.controller.AuthController - Fetching security questions for: Prasana
2026-02-27 06:40:14 INFO  com.rev.revpasswordmanagerp2.controller.AuthController - Security questions fetched successfully
2026-02-27 06:40:40 WARN  com.rev.revpasswordmanagerp2.controller.AuthController - Forgot password for user: Prasana
2026-02-27 06:40:40 WARN  com.rev.revpasswordmanagerp2.service.AuthServiceImpl - Forgot password process started for user: Prasana
2026-02-27 06:40:40 INFO  com.rev.revpasswordmanagerp2.service.AuthServiceImpl - Validating security question for user: Prasana
2026-02-27 06:40:40 INFO  com.rev.revpasswordmanagerp2.service.AuthServiceImpl - Security verification SUCCESS for user: Prasana
2026-02-27 06:40:41 INFO  com.rev.revpasswordmanagerp2.service.AuthServiceImpl - Password reset SUCCESSFUL for user: Prasana
2026-02-27 06:41:09 WARN  com.rev.revpasswordmanagerp2.controller.AuthController - Forgot password for user: Prasana
2026-02-27 06:41:09 WARN  com.rev.revpasswordmanagerp2.service.AuthServiceImpl - Forgot password process started for user: Prasana
2026-02-27 06:41:09 INFO  com.rev.revpasswordmanagerp2.service.AuthServiceImpl - Validating security question for user: Prasana
2026-02-27 06:41:09 INFO  com.rev.revpasswordmanagerp2.service.AuthServiceImpl - Security verification SUCCESS for user: Prasana
2026-02-27 06:41:10 INFO  com.rev.revpasswordmanagerp2.service.AuthServiceImpl - Password reset SUCCESSFUL for user: Prasana
2026-02-27 07:26:52 INFO  com.rev.revpasswordmanagerp2.controller.AuthController - Register attempt for user: Felix
2026-02-27 07:26:52 INFO  com.rev.revpasswordmanagerp2.service.AuthServiceImpl - Registration attempt for username: Felix
2026-02-27 07:26:53 INFO  com.rev.revpasswordmanagerp2.service.AuthServiceImpl - User successfully saved with ID: 18
2026-02-27 07:26:53 INFO  com.rev.revpasswordmanagerp2.service.AuthServiceImpl - Security questions saved successfully for user: Felix
2026-02-27 07:26:53 INFO  com.rev.revpasswordmanagerp2.controller.AuthController - User registered successfully: Felix
2026-02-27 07:27:05 INFO  com.rev.revpasswordmanagerp2.controller.AuthController - Fetching security questions for: Felix
2026-02-27 07:27:05 INFO  com.rev.revpasswordmanagerp2.controller.AuthController - Security questions fetched successfully
2026-02-27 07:27:06 INFO  com.rev.revpasswordmanagerp2.controller.AuthController - Fetching security questions for: Felix
2026-02-27 07:27:06 INFO  com.rev.revpasswordmanagerp2.controller.AuthController - Security questions fetched successfully
2026-02-27 07:27:28 WARN  com.rev.revpasswordmanagerp2.controller.AuthController - Forgot password for user: Felix
2026-02-27 07:27:28 WARN  com.rev.revpasswordmanagerp2.service.AuthServiceImpl - Forgot password process started for user: Felix
2026-02-27 07:27:28 INFO  com.rev.revpasswordmanagerp2.service.AuthServiceImpl - Validating security question for user: Felix
2026-02-27 07:27:28 INFO  com.rev.revpasswordmanagerp2.service.AuthServiceImpl - Security verification SUCCESS for user: Felix
2026-02-27 07:27:28 INFO  com.rev.revpasswordmanagerp2.service.AuthServiceImpl - Password reset SUCCESSFUL for user: Felix
2026-02-27 07:28:38 INFO  com.rev.revpasswordmanagerp2.controller.AuthController - Fetching security questions for: adithya
2026-02-27 07:28:38 INFO  com.rev.revpasswordmanagerp2.controller.AuthController - Security questions fetched successfully
2026-02-27 07:32:10 INFO  com.rev.revpasswordmanagerp2.controller.AuthController - Fetching security questions for: adithya
2026-02-27 07:32:10 INFO  com.rev.revpasswordmanagerp2.controller.AuthController - Security questions fetched successfully
2026-02-27 07:32:38 INFO  com.rev.revpasswordmanagerp2.controller.AuthController - Fetching security questions for: adithya
2026-02-27 07:32:38 INFO  com.rev.revpasswordmanagerp2.controller.AuthController - Security questions fetched successfully
2026-02-27 07:33:13 INFO  com.rev.revpasswordmanagerp2.controller.AuthController - Fetching security questions for: adithya
2026-02-27 07:33:13 INFO  com.rev.revpasswordmanagerp2.controller.AuthController - Security questions fetched successfully
2026-02-27 07:33:13 INFO  com.rev.revpasswordmanagerp2.controller.AuthController - Fetching security questions for: adithya
2026-02-27 07:33:13 INFO  com.rev.revpasswordmanagerp2.controller.AuthController - Security questions fetched successfully
2026-02-27 07:42:03 INFO  com.rev.revpasswordmanagerp2.controller.AuthController - Fetching security questions for: adithya
2026-02-27 07:42:03 INFO  com.rev.revpasswordmanagerp2.controller.AuthController - Fetching security questions for: adithya
2026-02-27 07:42:03 INFO  com.rev.revpasswordmanagerp2.controller.AuthController - Security questions fetched successfully
2026-02-27 07:42:03 INFO  com.rev.revpasswordmanagerp2.controller.AuthController - Security questions fetched successfully
2026-02-27 07:48:19 INFO  com.rev.revpasswordmanagerp2.controller.AuthController - Fetching security questions for: adithya
2026-02-27 07:48:19 INFO  com.rev.revpasswordmanagerp2.controller.AuthController - Security questions fetched successfully
2026-02-27 07:55:08 INFO  com.rev.revpasswordmanagerp2.controller.AuthController - Fetching security questions for: adithya
2026-02-27 07:55:08 INFO  com.rev.revpasswordmanagerp2.controller.AuthController - Security questions fetched successfully
2026-02-27 07:57:11 INFO  com.rev.revpasswordmanagerp2.controller.AuthController - Fetching security questions for: adithya
2026-02-27 07:57:11 INFO  com.rev.revpasswordmanagerp2.controller.AuthController - Security questions fetched successfully
2026-02-27 08:16:39 INFO  com.rev.revpasswordmanagerp2.controller.AuthController - Fetching security questions for: adithya
2026-02-27 08:16:39 INFO  com.rev.revpasswordmanagerp2.controller.AuthController - Security questions fetched successfully
2026-02-27 08:21:43 INFO  com.rev.revpasswordmanagerp2.controller.AuthController - Fetching security questions for: adithya
2026-02-27 08:21:43 INFO  com.rev.revpasswordmanagerp2.controller.AuthController - Security questions fetched successfully
2026-02-27 08:21:45 INFO  com.rev.revpasswordmanagerp2.controller.AuthController - Fetching security questions for: adithya
2026-02-27 08:21:45 INFO  com.rev.revpasswordmanagerp2.controller.AuthController - Security questions fetched successfully
2026-02-27 08:21:51 INFO  com.rev.revpasswordmanagerp2.controller.AuthController - Fetching security questions for: adithya
2026-02-27 08:21:51 INFO  com.rev.revpasswordmanagerp2.controller.AuthController - Security questions fetched successfully
2026-02-27 08:22:28 INFO  com.rev.revpasswordmanagerp2.controller.AuthController - Fetching security questions for: adithya
2026-02-27 08:22:28 INFO  com.rev.revpasswordmanagerp2.controller.AuthController - Security questions fetched successfully
2026-02-27 08:26:12 INFO  com.rev.revpasswordmanagerp2.controller.AuthController - Fetching security questions for: adithya
2026-02-27 08:26:12 INFO  com.rev.revpasswordmanagerp2.controller.AuthController - Security questions fetched successfully
2026-02-27 08:35:13 INFO  com.rev.revpasswordmanagerp2.RevPasswordManagerP2ApplicationTests - Starting RevPasswordManagerP2ApplicationTests using Java 17.0.12 with PID 8744 (started by HP in C:\Users\HP\RevPasswordManagerP2)
2026-02-27 08:35:13 INFO  com.rev.revpasswordmanagerp2.RevPasswordManagerP2ApplicationTests - The following 1 profile is active: "local"
2026-02-27 08:35:21 INFO  com.rev.revpasswordmanagerp2.RevPasswordManagerP2ApplicationTests - Started RevPasswordManagerP2ApplicationTests in 8.087 seconds (process running for 10.172)
2026-02-27 08:35:22 INFO  com.rev.revpasswordmanagerp2.service.AuthServiceImpl - Registration attempt for username: testuser
2026-02-27 08:35:22 INFO  com.rev.revpasswordmanagerp2.service.AuthServiceImpl - User successfully saved with ID: null
2026-02-27 08:35:22 INFO  com.rev.revpasswordmanagerp2.service.AuthServiceImpl - Security questions saved successfully for user: null
2026-02-27 08:35:38 INFO  com.rev.revpasswordmanagerp2.RevPasswordManagerP2Application - Starting RevPasswordManagerP2Application using Java 17.0.12 with PID 7564 (C:\Users\HP\RevPasswordManagerP2\target\classes started by HP in C:\Users\HP\RevPasswordManagerP2)
2026-02-27 08:35:38 INFO  com.rev.revpasswordmanagerp2.RevPasswordManagerP2Application - The following 1 profile is active: "local"
2026-02-27 08:35:48 INFO  com.rev.revpasswordmanagerp2.RevPasswordManagerP2Application - Started RevPasswordManagerP2Application in 11.217 seconds (process running for 12.61)
2026-02-27 08:37:00 INFO  com.rev.revpasswordmanagerp2.controller.AuthController - Fetching security questions for: adithya
2026-02-27 08:37:00 INFO  com.rev.revpasswordmanagerp2.controller.AuthController - Security questions fetched successfully
2026-02-27 08:50:53 INFO  com.rev.revpasswordmanagerp2.RevPasswordManagerP2Application - Starting RevPasswordManagerP2Application using Java 17.0.12 with PID 16948 (C:\Users\HP\RevPasswordManagerP2\target\classes started by HP in C:\Users\HP\RevPasswordManagerP2)
2026-02-27 08:50:53 INFO  com.rev.revpasswordmanagerp2.RevPasswordManagerP2Application - The following 1 profile is active: "local"
2026-02-27 08:51:01 INFO  com.rev.revpasswordmanagerp2.RevPasswordManagerP2Application - Started RevPasswordManagerP2Application in 9.272 seconds (process running for 11.033)
2026-02-27 08:51:53 INFO  com.rev.revpasswordmanagerp2.controller.AuthController - Fetching security questions for: adithya
2026-02-27 08:51:53 INFO  com.rev.revpasswordmanagerp2.controller.AuthController - Security questions fetched successfully
2026-02-27 08:58:24 INFO  com.rev.revpasswordmanagerp2.controller.AuthController - Fetching security questions for: adithya
2026-02-27 08:58:24 INFO  com.rev.revpasswordmanagerp2.controller.AuthController - Security questions fetched successfully
2026-02-27 08:58:48 INFO  com.rev.revpasswordmanagerp2.controller.AuthController - Fetching security questions for: adithya
2026-02-27 08:58:48 INFO  com.rev.revpasswordmanagerp2.controller.AuthController - Security questions fetched successfully
2026-02-27 08:58:51 INFO  com.rev.revpasswordmanagerp2.controller.AuthController - Fetching security questions for: adithya
2026-02-27 08:58:51 INFO  com.rev.revpasswordmanagerp2.controller.AuthController - Security questions fetched successfully
2026-02-27 08:59:16 WARN  com.rev.revpasswordmanagerp2.controller.AuthController - Forgot password for user: adithya
2026-02-27 08:59:16 WARN  com.rev.revpasswordmanagerp2.service.AuthServiceImpl - Forgot password process initiated for user: adithya
2026-02-27 08:59:16 INFO  com.rev.revpasswordmanagerp2.service.AuthServiceImpl - User located successfully: adithya
2026-02-27 08:59:16 INFO  com.rev.revpasswordmanagerp2.service.AuthServiceImpl - Loaded 3 security questions for user: adithya
2026-02-27 08:59:16 INFO  com.rev.revpasswordmanagerp2.service.AuthServiceImpl - Checking question: Your pet name?
2026-02-27 08:59:16 WARN  com.rev.revpasswordmanagerp2.service.AuthServiceImpl - Security verification FAILED for user: adithya
2026-02-27 08:59:34 INFO  com.rev.revpasswordmanagerp2.controller.AuthController - Fetching security questions for: Prasanna
2026-02-27 08:59:34 ERROR com.rev.revpasswordmanagerp2.controller.AuthController - User not found: Prasanna
2026-02-27 08:59:39 INFO  com.rev.revpasswordmanagerp2.controller.AuthController - Fetching security questions for: Prasana
2026-02-27 08:59:39 INFO  com.rev.revpasswordmanagerp2.controller.AuthController - Security questions fetched successfully
2026-02-27 08:59:41 INFO  com.rev.revpasswordmanagerp2.controller.AuthController - Fetching security questions for: Prasana
2026-02-27 08:59:41 INFO  com.rev.revpasswordmanagerp2.controller.AuthController - Security questions fetched successfully
2026-02-27 09:00:04 WARN  com.rev.revpasswordmanagerp2.controller.AuthController - Forgot password for user: Prasana
2026-02-27 09:00:04 WARN  com.rev.revpasswordmanagerp2.service.AuthServiceImpl - Forgot password process initiated for user: Prasana
2026-02-27 09:00:04 INFO  com.rev.revpasswordmanagerp2.service.AuthServiceImpl - User located successfully: Prasana
2026-02-27 09:00:04 INFO  com.rev.revpasswordmanagerp2.service.AuthServiceImpl - Loaded 3 security questions for user: Prasana
2026-02-27 09:00:04 INFO  com.rev.revpasswordmanagerp2.service.AuthServiceImpl - Checking question: What is your favorite movie?
2026-02-27 09:00:04 WARN  com.rev.revpasswordmanagerp2.service.AuthServiceImpl - Security verification FAILED for user: Prasana
2026-02-27 09:22:44 INFO  com.rev.revpasswordmanagerp2.RevPasswordManagerP2Application - Starting RevPasswordManagerP2Application using Java 17.0.12 with PID 9344 (C:\Users\HP\RevPasswordManagerP2\target\classes started by HP in C:\Users\HP\RevPasswordManagerP2)
2026-02-27 09:22:44 INFO  com.rev.revpasswordmanagerp2.RevPasswordManagerP2Application - The following 1 profile is active: "local"
2026-02-27 09:22:51 INFO  com.rev.revpasswordmanagerp2.RevPasswordManagerP2Application - Started RevPasswordManagerP2Application in 7.759 seconds (process running for 9.354)
2026-02-27 09:23:44 INFO  com.rev.revpasswordmanagerp2.controller.AuthController - Fetching security questions for: adithya
2026-02-27 09:23:44 INFO  com.rev.revpasswordmanagerp2.controller.AuthController - Security questions fetched successfully
2026-02-27 09:24:14 INFO  com.rev.revpasswordmanagerp2.controller.AuthController - Fetching security questions for: adithya
2026-02-27 09:24:14 INFO  com.rev.revpasswordmanagerp2.controller.AuthController - Security questions fetched successfully
2026-02-27 09:24:55 INFO  com.rev.revpasswordmanagerp2.controller.AuthController - Fetching security questions for: adithya
2026-02-27 09:24:55 INFO  com.rev.revpasswordmanagerp2.controller.AuthController - Security questions fetched successfully
2026-02-27 09:24:56 INFO  com.rev.revpasswordmanagerp2.controller.AuthController - Fetching security questions for: adithya
2026-02-27 09:24:56 INFO  com.rev.revpasswordmanagerp2.controller.AuthController - Security questions fetched successfully
2026-02-27 09:25:46 WARN  com.rev.revpasswordmanagerp2.controller.AuthController - Forgot password for user: adithya
2026-02-27 09:25:46 WARN  com.rev.revpasswordmanagerp2.service.AuthServiceImpl - Forgot password process initiated for user: adithya
2026-02-27 09:25:46 INFO  com.rev.revpasswordmanagerp2.service.AuthServiceImpl - User located successfully: adithya
2026-02-27 09:25:46 INFO  com.rev.revpasswordmanagerp2.service.AuthServiceImpl - Loaded 3 security questions for user: adithya
2026-02-27 09:25:46 INFO  com.rev.revpasswordmanagerp2.service.AuthServiceImpl - Checking question: Your first school?
2026-02-27 09:25:46 INFO  com.rev.revpasswordmanagerp2.service.AuthServiceImpl - Checking question: Your pet name?
2026-02-27 09:25:47 WARN  com.rev.revpasswordmanagerp2.controller.AuthController - Forgot password for user: adithya
2026-02-27 09:25:47 WARN  com.rev.revpasswordmanagerp2.service.AuthServiceImpl - Forgot password process initiated for user: adithya
2026-02-27 09:25:47 INFO  com.rev.revpasswordmanagerp2.service.AuthServiceImpl - User located successfully: adithya
2026-02-27 09:25:47 INFO  com.rev.revpasswordmanagerp2.service.AuthServiceImpl - Loaded 3 security questions for user: adithya
2026-02-27 09:25:47 INFO  com.rev.revpasswordmanagerp2.service.AuthServiceImpl - Checking question: Your first school?
2026-02-27 09:25:47 INFO  com.rev.revpasswordmanagerp2.service.AuthServiceImpl - Checking question: Your favorite color?
2026-02-27 09:25:48 INFO  com.rev.revpasswordmanagerp2.service.AuthServiceImpl - Checking question: Your pet name?
2026-02-27 09:25:48 WARN  com.rev.revpasswordmanagerp2.service.AuthServiceImpl - Security verification FAILED for user: adithya
2026-02-27 09:25:49 INFO  com.rev.revpasswordmanagerp2.service.AuthServiceImpl - Checking question: Your favorite color?
2026-02-27 09:25:50 WARN  com.rev.revpasswordmanagerp2.service.AuthServiceImpl - Security verification FAILED for user: adithya
2026-02-27 09:26:10 WARN  com.rev.revpasswordmanagerp2.controller.AuthController - Forgot password for user: adithya
2026-02-27 09:26:10 WARN  com.rev.revpasswordmanagerp2.service.AuthServiceImpl - Forgot password process initiated for user: adithya
2026-02-27 09:26:10 INFO  com.rev.revpasswordmanagerp2.service.AuthServiceImpl - User located successfully: adithya
2026-02-27 09:26:10 INFO  com.rev.revpasswordmanagerp2.service.AuthServiceImpl - Loaded 3 security questions for user: adithya
2026-02-27 09:26:10 INFO  com.rev.revpasswordmanagerp2.service.AuthServiceImpl - Checking question: Your first school?
2026-02-27 09:26:11 INFO  com.rev.revpasswordmanagerp2.service.AuthServiceImpl - Checking question: Your pet name?
2026-02-27 09:26:12 WARN  com.rev.revpasswordmanagerp2.controller.AuthController - Forgot password for user: adithya
2026-02-27 09:26:12 WARN  com.rev.revpasswordmanagerp2.service.AuthServiceImpl - Forgot password process initiated for user: adithya
2026-02-27 09:26:12 INFO  com.rev.revpasswordmanagerp2.service.AuthServiceImpl - User located successfully: adithya
2026-02-27 09:26:12 INFO  com.rev.revpasswordmanagerp2.service.AuthServiceImpl - Loaded 3 security questions for user: adithya
2026-02-27 09:26:12 INFO  com.rev.revpasswordmanagerp2.service.AuthServiceImpl - Checking question: Your first school?
2026-02-27 09:26:12 INFO  com.rev.revpasswordmanagerp2.service.AuthServiceImpl - Checking question: Your favorite color?
2026-02-27 09:26:12 INFO  com.rev.revpasswordmanagerp2.service.AuthServiceImpl - Checking question: Your pet name?
2026-02-27 09:26:13 WARN  com.rev.revpasswordmanagerp2.controller.AuthController - Forgot password for user: adithya
2026-02-27 09:26:13 WARN  com.rev.revpasswordmanagerp2.service.AuthServiceImpl - Forgot password process initiated for user: adithya
2026-02-27 09:26:13 INFO  com.rev.revpasswordmanagerp2.service.AuthServiceImpl - User located successfully: adithya
2026-02-27 09:26:13 INFO  com.rev.revpasswordmanagerp2.service.AuthServiceImpl - Loaded 3 security questions for user: adithya
2026-02-27 09:26:13 INFO  com.rev.revpasswordmanagerp2.service.AuthServiceImpl - Checking question: Your first school?
2026-02-27 09:26:13 WARN  com.rev.revpasswordmanagerp2.service.AuthServiceImpl - Security verification FAILED for user: adithya
2026-02-27 09:26:13 INFO  com.rev.revpasswordmanagerp2.service.AuthServiceImpl - Checking question: Your favorite color?
2026-02-27 09:26:14 INFO  com.rev.revpasswordmanagerp2.service.AuthServiceImpl - Checking question: Your pet name?
2026-02-27 09:26:14 WARN  com.rev.revpasswordmanagerp2.service.AuthServiceImpl - Security verification FAILED for user: adithya
2026-02-27 09:26:15 INFO  com.rev.revpasswordmanagerp2.service.AuthServiceImpl - Checking question: Your favorite color?
2026-02-27 09:26:15 WARN  com.rev.revpasswordmanagerp2.service.AuthServiceImpl - Security verification FAILED for user: adithya
2026-02-27 10:26:59 INFO  com.rev.revpasswordmanagerp2.RevPasswordManagerP2ApplicationTests - Starting RevPasswordManagerP2ApplicationTests using Java 17.0.12 with PID 20720 (started by HP in C:\Users\HP\RevPasswordManagerP2)
2026-02-27 10:26:59 INFO  com.rev.revpasswordmanagerp2.RevPasswordManagerP2ApplicationTests - The following 1 profile is active: "local"
2026-02-27 10:27:12 INFO  com.rev.revpasswordmanagerp2.RevPasswordManagerP2ApplicationTests - Started RevPasswordManagerP2ApplicationTests in 13.263 seconds (process running for 18.529)
2026-02-27 10:27:14 INFO  com.rev.revpasswordmanagerp2.service.AuthServiceImpl - Registration attempt for username: testuser
2026-02-27 10:27:14 INFO  com.rev.revpasswordmanagerp2.service.AuthServiceImpl - User successfully saved with ID: null
2026-02-27 10:27:14 INFO  com.rev.revpasswordmanagerp2.service.AuthServiceImpl - Security questions saved successfully for user: null
2026-02-27 10:27:43 INFO  com.rev.revpasswordmanagerp2.RevPasswordManagerP2Application - Starting RevPasswordManagerP2Application using Java 17.0.12 with PID 12360 (C:\Users\HP\RevPasswordManagerP2\target\classes started by HP in C:\Users\HP\RevPasswordManagerP2)
2026-02-27 10:27:43 INFO  com.rev.revpasswordmanagerp2.RevPasswordManagerP2Application - The following 1 profile is active: "local"
2026-02-27 10:27:50 INFO  com.rev.revpasswordmanagerp2.RevPasswordManagerP2Application - Started RevPasswordManagerP2Application in 7.708 seconds (process running for 9.502)
2026-02-27 10:31:10 INFO  com.rev.revpasswordmanagerp2.controller.AuthController - Register attempt for user: bharth
2026-02-27 10:31:11 INFO  com.rev.revpasswordmanagerp2.service.AuthServiceImpl - Registration attempt for username: bharth
2026-02-27 10:31:11 WARN  com.rev.revpasswordmanagerp2.service.AuthServiceImpl - Registration failed - email already exists: bharath@gmail.com
2026-02-27 10:31:35 INFO  com.rev.revpasswordmanagerp2.controller.AuthController - Register attempt for user: bharth
2026-02-27 10:31:35 INFO  com.rev.revpasswordmanagerp2.service.AuthServiceImpl - Registration attempt for username: bharth
2026-02-27 10:31:36 INFO  com.rev.revpasswordmanagerp2.service.AuthServiceImpl - User successfully saved with ID: 19
2026-02-27 10:31:36 INFO  com.rev.revpasswordmanagerp2.service.AuthServiceImpl - Security questions saved successfully for user: bharth
2026-02-27 10:31:36 INFO  com.rev.revpasswordmanagerp2.controller.AuthController - User registered successfully: bharth
2026-02-27 10:45:01 INFO  com.rev.revpasswordmanagerp2.controller.AuthController - Fetching security questions for: bharth
2026-02-27 10:45:01 INFO  com.rev.revpasswordmanagerp2.controller.AuthController - Security questions fetched successfully
2026-02-27 11:03:40 INFO  com.rev.revpasswordmanagerp2.controller.AuthController - Fetching security questions for: adithya
2026-02-27 11:03:40 INFO  com.rev.revpasswordmanagerp2.controller.AuthController - Security questions fetched successfully
2026-02-27 11:03:42 INFO  com.rev.revpasswordmanagerp2.controller.AuthController - Fetching security questions for: adithya
2026-02-27 11:03:42 INFO  com.rev.revpasswordmanagerp2.controller.AuthController - Security questions fetched successfully
2026-02-27 11:06:37 INFO  com.rev.revpasswordmanagerp2.controller.AuthController - Register attempt for user: Selva
2026-02-27 11:06:37 INFO  com.rev.revpasswordmanagerp2.service.AuthServiceImpl - Registration attempt for username: Selva
2026-02-27 11:06:38 INFO  com.rev.revpasswordmanagerp2.service.AuthServiceImpl - User successfully saved with ID: 20
2026-02-27 11:06:39 INFO  com.rev.revpasswordmanagerp2.service.AuthServiceImpl - Security questions saved successfully for user: Selva
2026-02-27 11:06:39 INFO  com.rev.revpasswordmanagerp2.controller.AuthController - User registered successfully: Selva
2026-02-27 12:10:50 INFO  com.rev.revpasswordmanagerp2.controller.AuthController - Fetching security questions for: adithya
2026-02-27 12:10:51 INFO  com.rev.revpasswordmanagerp2.controller.AuthController - Security questions fetched successfully
2026-02-27 12:30:08 INFO  com.rev.revpasswordmanagerp2.RevPasswordManagerP2ApplicationTests - Starting RevPasswordManagerP2ApplicationTests using Java 17.0.12 with PID 4692 (started by HP in C:\Users\HP\RevPasswordManagerP2)
2026-02-27 12:30:08 INFO  com.rev.revpasswordmanagerp2.RevPasswordManagerP2ApplicationTests - The following 1 profile is active: "local"
2026-02-27 12:30:19 INFO  com.rev.revpasswordmanagerp2.RevPasswordManagerP2ApplicationTests - Started RevPasswordManagerP2ApplicationTests in 11.972 seconds (process running for 14.276)
2026-02-27 12:30:21 INFO  com.rev.revpasswordmanagerp2.service.AuthServiceImpl - Registration attempt for username: testuser
2026-02-27 12:33:17 INFO  com.rev.revpasswordmanagerp2.controller.AuthController - Register attempt for user: rama
2026-02-27 12:33:17 INFO  com.rev.revpasswordmanagerp2.service.AuthServiceImpl - Registration attempt for username: rama
2026-02-27 12:33:18 INFO  com.rev.revpasswordmanagerp2.service.AuthServiceImpl - User successfully saved with ID: 21
2026-02-27 12:33:18 INFO  com.rev.revpasswordmanagerp2.controller.AuthController - Register attempt for user: rama
2026-02-27 12:33:18 INFO  com.rev.revpasswordmanagerp2.service.AuthServiceImpl - Registration attempt for username: rama
2026-02-27 12:33:19 INFO  com.rev.revpasswordmanagerp2.service.AuthServiceImpl - Security questions saved successfully for user: rama
2026-02-27 12:33:19 INFO  com.rev.revpasswordmanagerp2.controller.AuthController - User registered successfully: rama
2026-02-27 12:33:19 INFO  com.rev.revpasswordmanagerp2.controller.AuthController - Register attempt for user: rama
2026-02-27 12:33:19 INFO  com.rev.revpasswordmanagerp2.service.AuthServiceImpl - Registration attempt for username: rama
2026-02-27 12:33:19 WARN  com.rev.revpasswordmanagerp2.service.AuthServiceImpl - Registration failed - username already exists: rama
2026-02-27 12:33:57 INFO  com.rev.revpasswordmanagerp2.controller.AuthController - Fetching security questions for: rama
2026-02-27 12:33:57 INFO  com.rev.revpasswordmanagerp2.controller.AuthController - Security questions fetched successfully
2026-02-27 12:35:39 INFO  com.rev.revpasswordmanagerp2.controller.AuthController - Fetching security questions for: rama
2026-02-27 12:35:39 INFO  com.rev.revpasswordmanagerp2.controller.AuthController - Security questions fetched successfully
2026-02-27 12:38:39 INFO  com.rev.revpasswordmanagerp2.controller.AuthController - Fetching security questions for: rama
2026-02-27 12:38:39 INFO  com.rev.revpasswordmanagerp2.controller.AuthController - Security questions fetched successfully
2026-02-27 12:43:15 INFO  com.rev.revpasswordmanagerp2.controller.AuthController - Fetching security questions for: rama
2026-02-27 12:43:15 INFO  com.rev.revpasswordmanagerp2.controller.AuthController - Security questions fetched successfully
2026-02-27 12:44:14 INFO  com.rev.revpasswordmanagerp2.controller.AuthController - Fetching security questions for: rama
2026-02-27 12:44:14 INFO  com.rev.revpasswordmanagerp2.controller.AuthController - Security questions fetched successfully
2026-02-27 12:45:49 INFO  com.rev.revpasswordmanagerp2.controller.AuthController - Fetching security questions for: rama
2026-02-27 12:45:49 INFO  com.rev.revpasswordmanagerp2.controller.AuthController - Security questions fetched successfully
2026-02-27 13:02:43 INFO  com.rev.revpasswordmanagerp2.controller.AuthController - Fetching security questions for: rama
2026-02-27 13:02:44 INFO  com.rev.revpasswordmanagerp2.controller.AuthController - Security questions fetched successfully
2026-02-27 13:03:54 INFO  com.rev.revpasswordmanagerp2.RevPasswordManagerP2Application - Starting RevPasswordManagerP2Application using Java 17.0.12 with PID 4188 (C:\Users\HP\RevPasswordManagerP2\target\classes started by HP in C:\Users\HP\RevPasswordManagerP2)
2026-02-27 13:03:54 INFO  com.rev.revpasswordmanagerp2.RevPasswordManagerP2Application - The following 1 profile is active: "local"
2026-02-27 13:04:08 INFO  com.rev.revpasswordmanagerp2.RevPasswordManagerP2Application - Started RevPasswordManagerP2Application in 15.392 seconds (process running for 17.424)
2026-02-27 13:04:30 INFO  com.rev.revpasswordmanagerp2.RevPasswordManagerP2Application - Starting RevPasswordManagerP2Application using Java 17.0.12 with PID 30116 (C:\Users\HP\RevPasswordManagerP2\target\classes started by HP in C:\Users\HP\RevPasswordManagerP2)
2026-02-27 13:04:30 INFO  com.rev.revpasswordmanagerp2.RevPasswordManagerP2Application - The following 1 profile is active: "local"
2026-02-27 13:04:35 INFO  com.rev.revpasswordmanagerp2.RevPasswordManagerP2Application - Started RevPasswordManagerP2Application in 6.257 seconds (process running for 7.883)
2026-02-27 13:05:14 INFO  com.rev.revpasswordmanagerp2.RevPasswordManagerP2Application - Starting RevPasswordManagerP2Application using Java 17.0.12 with PID 20784 (C:\Users\HP\RevPasswordManagerP2\target\classes started by HP in C:\Users\HP\RevPasswordManagerP2)
2026-02-27 13:05:14 INFO  com.rev.revpasswordmanagerp2.RevPasswordManagerP2Application - The following 1 profile is active: "local"
2026-02-27 13:06:16 INFO  com.rev.revpasswordmanagerp2.RevPasswordManagerP2Application - Starting RevPasswordManagerP2Application using Java 17.0.12 with PID 22116 (C:\Users\HP\RevPasswordManagerP2\target\classes started by HP in C:\Users\HP\RevPasswordManagerP2)
2026-02-27 13:06:16 INFO  com.rev.revpasswordmanagerp2.RevPasswordManagerP2Application - The following 1 profile is active: "local"
2026-02-27 13:06:22 INFO  com.rev.revpasswordmanagerp2.RevPasswordManagerP2Application - Started RevPasswordManagerP2Application in 6.87 seconds (process running for 8.271)
2026-02-27 14:13:33 INFO  com.rev.revpasswordmanagerp2.RevPasswordManagerP2Application - Starting RevPasswordManagerP2Application using Java 17.0.12 with PID 16828 (C:\Users\HP\RevPasswordManagerP2\target\classes started by HP in C:\Users\HP\RevPasswordManagerP2)
2026-02-27 14:13:33 INFO  com.rev.revpasswordmanagerp2.RevPasswordManagerP2Application - The following 1 profile is active: "local"
2026-02-27 14:13:40 INFO  com.rev.revpasswordmanagerp2.RevPasswordManagerP2Application - Started RevPasswordManagerP2Application in 7.306 seconds (process running for 8.98)
2026-02-27 14:18:01 INFO  com.rev.revpasswordmanagerp2.service.AuthServiceImpl - Registration attempt for username: kota
2026-02-27 14:18:01 INFO  com.rev.revpasswordmanagerp2.service.AuthServiceImpl - Registration attempt for username: kota
2026-02-27 14:18:01 INFO  com.rev.revpasswordmanagerp2.service.AuthServiceImpl - Registration attempt for username: kota
2026-02-27 14:18:01 INFO  com.rev.revpasswordmanagerp2.service.AuthServiceImpl - Registration attempt for username: kota
2026-02-27 14:19:19 WARN  com.rev.revpasswordmanagerp2.controller.AuthController - Forgot password for user: kota@gmail.com
2026-02-27 14:58:18 INFO  com.rev.revpasswordmanagerp2.RevPasswordManagerP2Application - Starting RevPasswordManagerP2Application using Java 17.0.12 with PID 23356 (C:\Users\HP\RevPasswordManagerP2\target\classes started by HP in C:\Users\HP\RevPasswordManagerP2)
2026-02-27 14:58:18 INFO  com.rev.revpasswordmanagerp2.RevPasswordManagerP2Application - The following 1 profile is active: "local"
2026-02-27 14:58:31 INFO  com.rev.revpasswordmanagerp2.RevPasswordManagerP2Application - Started RevPasswordManagerP2Application in 13.391 seconds (process running for 15.63)
2026-02-27 15:13:36 INFO  com.rev.revpasswordmanagerp2.RevPasswordManagerP2Application - Starting RevPasswordManagerP2Application using Java 17.0.12 with PID 8744 (C:\Users\HP\RevPasswordManagerP2\target\classes started by HP in C:\Users\HP\RevPasswordManagerP2)
2026-02-27 15:13:36 INFO  com.rev.revpasswordmanagerp2.RevPasswordManagerP2Application - The following 1 profile is active: "local"
2026-02-27 15:13:43 INFO  com.rev.revpasswordmanagerp2.RevPasswordManagerP2Application - Started RevPasswordManagerP2Application in 8.049 seconds (process running for 9.565)
2026-02-27 15:16:30 INFO  com.rev.revpasswordmanagerp2.service.AuthServiceImpl - Registration attempt for username: ajay
2026-02-27 15:36:28 INFO  com.rev.revpasswordmanagerp2.RevPasswordManagerP2Application - Starting RevPasswordManagerP2Application using Java 17.0.12 with PID 21772 (C:\Users\HP\RevPasswordManagerP2\target\classes started by HP in C:\Users\HP\RevPasswordManagerP2)
2026-02-27 15:36:28 INFO  com.rev.revpasswordmanagerp2.RevPasswordManagerP2Application - The following 1 profile is active: "local"
2026-02-27 15:36:36 INFO  com.rev.revpasswordmanagerp2.RevPasswordManagerP2Application - Started RevPasswordManagerP2Application in 7.69 seconds (process running for 9.187)
2026-02-27 15:37:16 INFO  com.rev.revpasswordmanagerp2.RevPasswordManagerP2Application - Starting RevPasswordManagerP2Application using Java 17.0.12 with PID 13176 (C:\Users\HP\RevPasswordManagerP2\target\classes started by HP in C:\Users\HP\RevPasswordManagerP2)
2026-02-27 15:37:16 INFO  com.rev.revpasswordmanagerp2.RevPasswordManagerP2Application - The following 1 profile is active: "local"
2026-02-27 15:37:21 INFO  com.rev.revpasswordmanagerp2.RevPasswordManagerP2Application - Started RevPasswordManagerP2Application in 6.216 seconds (process running for 7.61)
2026-02-27 15:44:59 WARN  com.rev.revpasswordmanagerp2.controller.AuthController - Forgot password for user: ajay
2026-02-27 15:45:37 WARN  com.rev.revpasswordmanagerp2.controller.AuthController - Forgot password for user: ajay
2026-02-27 21:04:56 INFO  com.rev.revpasswordmanagerp2.RevPasswordManagerP2Application - Starting RevPasswordManagerP2Application using Java 17.0.12 with PID 31460 (C:\Users\HP\RevPasswordManagerP2\target\classes started by HP in C:\Users\HP\RevPasswordManagerP2)
2026-02-27 21:04:56 INFO  com.rev.revpasswordmanagerp2.RevPasswordManagerP2Application - The following 1 profile is active: "local"
2026-02-27 21:05:03 INFO  com.rev.revpasswordmanagerp2.RevPasswordManagerP2Application - Started RevPasswordManagerP2Application in 7.548 seconds (process running for 9.238)
2026-02-27 22:43:10 INFO  com.rev.revpasswordmanagerp2.RevPasswordManagerP2ApplicationTests - Starting RevPasswordManagerP2ApplicationTests using Java 17.0.12 with PID 9648 (started by HP in C:\Users\HP\RevPasswordManagerP2)
2026-02-27 22:43:10 INFO  com.rev.revpasswordmanagerp2.RevPasswordManagerP2ApplicationTests - The following 1 profile is active: "local"
2026-02-27 22:43:19 INFO  com.rev.revpasswordmanagerp2.RevPasswordManagerP2ApplicationTests - Started RevPasswordManagerP2ApplicationTests in 9.688 seconds (process running for 11.402)
2026-02-27 22:43:21 INFO  com.rev.revpasswordmanagerp2.service.AuthServiceImpl - Registration attempt for username: testuser
2026-02-27 22:44:01 INFO  com.rev.revpasswordmanagerp2.RevPasswordManagerP2Application - Starting RevPasswordManagerP2Application using Java 17.0.12 with PID 17464 (C:\Users\HP\RevPasswordManagerP2\target\classes started by HP in C:\Users\HP\RevPasswordManagerP2)
2026-02-27 22:44:01 INFO  com.rev.revpasswordmanagerp2.RevPasswordManagerP2Application - The following 1 profile is active: "local"
2026-02-27 22:44:06 INFO  com.rev.revpasswordmanagerp2.RevPasswordManagerP2Application - Started RevPasswordManagerP2Application in 4.522 seconds (process running for 5.351)
2026-02-27 23:14:36 INFO  com.rev.revpasswordmanagerp2.service.AuthServiceImpl - Registration attempt for username: SudarRaj
2026-02-27 23:44:01 INFO  com.rev.revpasswordmanagerp2.RevPasswordManagerP2Application - Starting RevPasswordManagerP2Application using Java 17.0.12 with PID 27768 (C:\Users\HP\RevPasswordManagerP2\target\classes started by HP in C:\Users\HP\RevPasswordManagerP2)
2026-02-27 23:44:01 INFO  com.rev.revpasswordmanagerp2.RevPasswordManagerP2Application - The following 1 profile is active: "local"
2026-02-27 23:44:08 INFO  com.rev.revpasswordmanagerp2.RevPasswordManagerP2Application - Started RevPasswordManagerP2Application in 7.119 seconds (process running for 8.396)
2026-02-28 00:40:40 INFO  com.rev.revpasswordmanagerp2.RevPasswordManagerP2ApplicationTests - Starting RevPasswordManagerP2ApplicationTests using Java 17.0.12 with PID 4036 (started by HP in C:\Users\HP\RevPasswordManagerP2)
2026-02-28 00:40:40 INFO  com.rev.revpasswordmanagerp2.RevPasswordManagerP2ApplicationTests - The following 1 profile is active: "local"
2026-02-28 00:40:54 INFO  com.rev.revpasswordmanagerp2.RevPasswordManagerP2ApplicationTests - Started RevPasswordManagerP2ApplicationTests in 15.152 seconds (process running for 18.388)
2026-02-28 00:40:56 INFO  com.rev.revpasswordmanagerp2.service.AuthServiceImpl - Registration attempt for username: testuser
2026-02-28 00:41:45 INFO  com.rev.revpasswordmanagerp2.RevPasswordManagerP2Application - Starting RevPasswordManagerP2Application using Java 17.0.12 with PID 27904 (C:\Users\HP\RevPasswordManagerP2\target\classes started by HP in C:\Users\HP\RevPasswordManagerP2)
2026-02-28 00:41:45 INFO  com.rev.revpasswordmanagerp2.RevPasswordManagerP2Application - The following 1 profile is active: "local"
2026-02-28 00:41:50 INFO  com.rev.revpasswordmanagerp2.RevPasswordManagerP2Application - Started RevPasswordManagerP2Application in 5.45 seconds (process running for 6.587)
2026-02-28 00:52:52 WARN  com.rev.revpasswordmanagerp2.controller.AuthController - Forgot password for user: adithya
2026-02-28 01:23:39 INFO  com.rev.revpasswordmanagerp2.RevPasswordManagerP2Application - Starting RevPasswordManagerP2Application using Java 17.0.12 with PID 25536 (C:\Users\HP\RevPasswordManagerP2\target\classes started by HP in C:\Users\HP\RevPasswordManagerP2)
2026-02-28 01:23:39 INFO  com.rev.revpasswordmanagerp2.RevPasswordManagerP2Application - The following 1 profile is active: "local"
2026-02-28 01:23:46 INFO  com.rev.revpasswordmanagerp2.RevPasswordManagerP2Application - Started RevPasswordManagerP2Application in 6.903 seconds (process running for 7.99)
2026-02-28 01:31:52 INFO  com.rev.revpasswordmanagerp2.RevPasswordManagerP2ApplicationTests - Starting RevPasswordManagerP2ApplicationTests using Java 17.0.12 with PID 17136 (started by HP in C:\Users\HP\RevPasswordManagerP2)
2026-02-28 01:31:52 INFO  com.rev.revpasswordmanagerp2.RevPasswordManagerP2ApplicationTests - The following 1 profile is active: "local"
2026-02-28 01:31:59 INFO  com.rev.revpasswordmanagerp2.RevPasswordManagerP2ApplicationTests - Started RevPasswordManagerP2ApplicationTests in 7.859 seconds (process running for 9.537)
2026-02-28 01:32:01 INFO  com.rev.revpasswordmanagerp2.service.AuthServiceImpl - Registration attempt for username: testuser
2026-02-28 01:32:28 INFO  com.rev.revpasswordmanagerp2.RevPasswordManagerP2Application - Starting RevPasswordManagerP2Application using Java 17.0.12 with PID 27316 (C:\Users\HP\RevPasswordManagerP2\target\classes started by HP in C:\Users\HP\RevPasswordManagerP2)
2026-02-28 01:32:28 INFO  com.rev.revpasswordmanagerp2.RevPasswordManagerP2Application - The following 1 profile is active: "local"
2026-02-28 01:32:34 INFO  com.rev.revpasswordmanagerp2.RevPasswordManagerP2Application - Started RevPasswordManagerP2Application in 6.656 seconds (process running for 7.64)
2026-02-28 01:50:38 INFO  com.rev.revpasswordmanagerp2.RevPasswordManagerP2ApplicationTests - Starting RevPasswordManagerP2ApplicationTests using Java 17.0.12 with PID 26540 (started by HP in C:\Users\HP\RevPasswordManagerP2)
2026-02-28 01:50:38 INFO  com.rev.revpasswordmanagerp2.RevPasswordManagerP2ApplicationTests - The following 1 profile is active: "local"
2026-02-28 01:50:50 INFO  com.rev.revpasswordmanagerp2.RevPasswordManagerP2ApplicationTests - Started RevPasswordManagerP2ApplicationTests in 11.687 seconds (process running for 13.83)
2026-02-28 01:50:51 INFO  com.rev.revpasswordmanagerp2.service.AuthServiceImpl - Registration attempt for username: testuser
2026-02-28 01:51:03 INFO  com.rev.revpasswordmanagerp2.RevPasswordManagerP2Application - Starting RevPasswordManagerP2Application using Java 17.0.12 with PID 4712 (C:\Users\HP\RevPasswordManagerP2\target\classes started by HP in C:\Users\HP\RevPasswordManagerP2)
2026-02-28 01:51:03 INFO  com.rev.revpasswordmanagerp2.RevPasswordManagerP2Application - The following 1 profile is active: "local"
2026-02-28 01:51:07 INFO  com.rev.revpasswordmanagerp2.RevPasswordManagerP2Application - Started RevPasswordManagerP2Application in 4.505 seconds (process running for 5.655)
2026-02-28 02:12:00 INFO  com.rev.revpasswordmanagerp2.RevPasswordManagerP2ApplicationTests - Starting RevPasswordManagerP2ApplicationTests using Java 17.0.12 with PID 23712 (started by HP in C:\Users\HP\RevPasswordManagerP2)
2026-02-28 02:12:00 INFO  com.rev.revpasswordmanagerp2.RevPasswordManagerP2ApplicationTests - The following 1 profile is active: "local"
2026-02-28 02:12:07 INFO  com.rev.revpasswordmanagerp2.RevPasswordManagerP2ApplicationTests - Started RevPasswordManagerP2ApplicationTests in 7.104 seconds (process running for 8.796)
2026-02-28 02:12:09 INFO  com.rev.revpasswordmanagerp2.service.AuthServiceImpl - Registration attempt for username: testuser
2026-02-28 02:12:30 INFO  com.rev.revpasswordmanagerp2.RevPasswordManagerP2Application - Starting RevPasswordManagerP2Application using Java 17.0.12 with PID 25964 (C:\Users\HP\RevPasswordManagerP2\target\classes started by HP in C:\Users\HP\RevPasswordManagerP2)
2026-02-28 02:12:30 INFO  com.rev.revpasswordmanagerp2.RevPasswordManagerP2Application - The following 1 profile is active: "local"
2026-02-28 02:12:34 INFO  com.rev.revpasswordmanagerp2.RevPasswordManagerP2Application - Started RevPasswordManagerP2Application in 4.353 seconds (process running for 5.26)
2026-02-28 08:27:45 INFO  com.rev.revpasswordmanagerp2.RevPasswordManagerP2ApplicationTests - Starting RevPasswordManagerP2ApplicationTests using Java 17.0.12 with PID 26492 (started by HP in C:\Users\HP\RevPasswordManagerP2)
2026-02-28 08:27:45 INFO  com.rev.revpasswordmanagerp2.RevPasswordManagerP2ApplicationTests - The following 1 profile is active: "local"
2026-02-28 08:27:51 INFO  com.rev.revpasswordmanagerp2.RevPasswordManagerP2ApplicationTests - Started RevPasswordManagerP2ApplicationTests in 6.648 seconds (process running for 8.078)
2026-02-28 08:27:52 INFO  com.rev.revpasswordmanagerp2.service.AuthServiceImpl - Registration attempt for username: testuser
2026-02-28 08:28:26 INFO  com.rev.revpasswordmanagerp2.RevPasswordManagerP2Application - Starting RevPasswordManagerP2Application using Java 17.0.12 with PID 22320 (C:\Users\HP\RevPasswordManagerP2\target\classes started by HP in C:\Users\HP\RevPasswordManagerP2)
2026-02-28 08:28:26 INFO  com.rev.revpasswordmanagerp2.RevPasswordManagerP2Application - The following 1 profile is active: "local"
2026-02-28 08:28:33 INFO  com.rev.revpasswordmanagerp2.RevPasswordManagerP2Application - Started RevPasswordManagerP2Application in 7.317 seconds (process running for 8.536)
2026-02-28 08:45:55 INFO  com.rev.revpasswordmanagerp2.RevPasswordManagerP2ApplicationTests - Starting RevPasswordManagerP2ApplicationTests using Java 17.0.12 with PID 29632 (started by HP in C:\Users\HP\RevPasswordManagerP2)
2026-02-28 08:45:55 INFO  com.rev.revpasswordmanagerp2.RevPasswordManagerP2ApplicationTests - The following 1 profile is active: "local"
2026-02-28 08:46:02 INFO  com.rev.revpasswordmanagerp2.RevPasswordManagerP2ApplicationTests - Started RevPasswordManagerP2ApplicationTests in 7.407 seconds (process running for 8.952)
2026-02-28 08:46:04 INFO  com.rev.revpasswordmanagerp2.service.AuthServiceImpl - Registration attempt for username: testuser
2026-02-28 09:48:41 INFO  com.rev.revpasswordmanagerp2.RevPasswordManagerP2ApplicationTests - Starting RevPasswordManagerP2ApplicationTests using Java 17.0.12 with PID 512 (started by HP in C:\Users\HP\RevPasswordManagerP2\Backend)
2026-02-28 09:48:42 INFO  com.rev.revpasswordmanagerp2.RevPasswordManagerP2ApplicationTests - The following 1 profile is active: "local"
2026-02-28 09:48:48 INFO  com.rev.revpasswordmanagerp2.RevPasswordManagerP2ApplicationTests - Started RevPasswordManagerP2ApplicationTests in 6.369 seconds (process running for 7.908)
2026-02-28 09:48:49 INFO  com.rev.revpasswordmanagerp2.service.AuthServiceImpl - Registration attempt for username: testuser
2026-02-28 09:50:22 INFO  com.rev.revpasswordmanagerp2.RevPasswordManagerP2Application - Starting RevPasswordManagerP2Application using Java 17.0.12 with PID 20772 (C:\Users\HP\RevPasswordManagerP2\Backend\target\classes started by HP in C:\Users\HP\RevPasswordManagerP2\Backend)
2026-02-28 09:50:22 INFO  com.rev.revpasswordmanagerp2.RevPasswordManagerP2Application - The following 1 profile is active: "local"
2026-02-28 09:50:26 INFO  com.rev.revpasswordmanagerp2.RevPasswordManagerP2Application - Started RevPasswordManagerP2Application in 4.132 seconds (process running for 4.764)
2026-02-28 10:01:12 INFO  com.rev.revpasswordmanagerp2.RevPasswordManagerP2ApplicationTests - Starting RevPasswordManagerP2ApplicationTests using Java 17.0.12 with PID 7944 (started by HP in C:\Users\HP\RevPasswordManagerP2\Backend)
2026-02-28 10:01:12 INFO  com.rev.revpasswordmanagerp2.RevPasswordManagerP2ApplicationTests - The following 1 profile is active: "local"
2026-02-28 10:01:18 INFO  com.rev.revpasswordmanagerp2.RevPasswordManagerP2ApplicationTests - Started RevPasswordManagerP2ApplicationTests in 6.359 seconds (process running for 7.845)
2026-02-28 10:01:20 INFO  com.rev.revpasswordmanagerp2.service.AuthServiceImpl - Registration attempt for username: testuser
2026-02-28 10:07:29 INFO  com.rev.revpasswordmanagerp2.RevPasswordManagerP2Application - Starting RevPasswordManagerP2Application using Java 17.0.12 with PID 16720 (C:\Users\HP\RevPasswordManagerP2\Backend\target\classes started by HP in C:\Users\HP\RevPasswordManagerP2\Backend)
2026-02-28 10:07:29 INFO  com.rev.revpasswordmanagerp2.RevPasswordManagerP2Application - The following 1 profile is active: "local"
2026-02-28 10:07:33 INFO  com.rev.revpasswordmanagerp2.RevPasswordManagerP2Application - Started RevPasswordManagerP2Application in 4.821 seconds (process running for 5.606)
2026-02-28 11:04:59 INFO  com.rev.revpasswordmanagerp2.RevPasswordManagerP2Application - Starting RevPasswordManagerP2Application using Java 17.0.12 with PID 21740 (C:\Users\HP\RevPasswordManagerP2\Backend\target\classes started by HP in C:\Users\HP\RevPasswordManagerP2\Backend)
2026-02-28 11:04:59 INFO  com.rev.revpasswordmanagerp2.RevPasswordManagerP2Application - The following 1 profile is active: "local"
2026-02-28 11:05:04 INFO  com.rev.revpasswordmanagerp2.RevPasswordManagerP2Application - Started RevPasswordManagerP2Application in 5.074 seconds (process running for 5.884)
2026-03-03 22:33:35 INFO  com.rev.revpasswordmanagerp2.RevPasswordManagerP2ApplicationTests - Starting RevPasswordManagerP2ApplicationTests using Java 21.0.8 with PID 143996 (started by Varunn in C:\Users\Varunn\Desktop\RevPasswordManagerP2\Backend)
2026-03-03 22:33:35 INFO  com.rev.revpasswordmanagerp2.RevPasswordManagerP2ApplicationTests - The following 1 profile is active: "local"
2026-03-03 22:33:42 INFO  com.rev.revpasswordmanagerp2.RevPasswordManagerP2ApplicationTests - Started RevPasswordManagerP2ApplicationTests in 7.519 seconds (process running for 9.484)
2026-03-03 22:33:43 INFO  com.rev.revpasswordmanagerp2.service.AuthServiceImpl - Registration attempt for username: testuser
2026-03-03 22:37:49 INFO  com.rev.revpasswordmanagerp2.RevPasswordManagerP2ApplicationTests - Starting RevPasswordManagerP2ApplicationTests using Java 21.0.8 with PID 159492 (started by Varunn in C:\Users\Varunn\Desktop\RevPasswordManagerP2\Backend)
2026-03-03 22:37:49 INFO  com.rev.revpasswordmanagerp2.RevPasswordManagerP2ApplicationTests - The following 1 profile is active: "local"
2026-03-03 22:37:57 INFO  com.rev.revpasswordmanagerp2.RevPasswordManagerP2ApplicationTests - Started RevPasswordManagerP2ApplicationTests in 8.89 seconds (process running for 11.024)
2026-03-03 22:37:59 INFO  com.rev.revpasswordmanagerp2.service.AuthServiceImpl - Registration attempt for username: testuser
2026-03-03 22:44:35 INFO  com.rev.revpasswordmanagerp2.RevPasswordManagerP2ApplicationTests - Starting RevPasswordManagerP2ApplicationTests using Java 21.0.8 with PID 152972 (started by Varunn in C:\Users\Varunn\Desktop\RevPasswordManagerP2\Backend)
2026-03-03 22:44:35 INFO  com.rev.revpasswordmanagerp2.RevPasswordManagerP2ApplicationTests - The following 1 profile is active: "local"
2026-03-03 22:44:42 INFO  com.rev.revpasswordmanagerp2.RevPasswordManagerP2ApplicationTests - Started RevPasswordManagerP2ApplicationTests in 7.09 seconds (process running for 8.941)
2026-03-03 22:44:43 INFO  com.rev.revpasswordmanagerp2.service.AuthServiceImpl - Registration attempt for username: testuser
2026-03-03 22:49:40 INFO  com.rev.revpasswordmanagerp2.RevPasswordManagerP2ApplicationTests - Starting RevPasswordManagerP2ApplicationTests using Java 21.0.8 with PID 154012 (started by Varunn in C:\Users\Varunn\Desktop\RevPasswordManagerP2\Backend)
2026-03-03 22:49:40 INFO  com.rev.revpasswordmanagerp2.RevPasswordManagerP2ApplicationTests - The following 1 profile is active: "local"
2026-03-03 22:49:51 INFO  com.rev.revpasswordmanagerp2.RevPasswordManagerP2ApplicationTests - Started RevPasswordManagerP2ApplicationTests in 11.607 seconds (process running for 13.617)
2026-03-03 22:49:54 INFO  com.rev.revpasswordmanagerp2.service.AuthServiceImpl - Registration attempt for username: testuser
